version: (200506)

available memory: 64M bytes
used memory: 81920 bytes [need 80K bytes if disable swap]

used block: 3 [memory(3) file(0)]
                 [ 8K(2) 64K(1) { total 80K bytes } ]
overhead: (9522) bytes for (3) blocks [Average: (3174) bytes/block]

write  => 0(times) 0K(bytes) [0K bytes to file]
read   => 1(times) 19K(bytes) [3K bytes compressed data from file]
access => 172030(times) 1347M(bytes)
          [hit ratio: 99.9994%]

time: write(0) read(0)  unit: second

swap file directory: (/mnt/hgfs/vmaster/verilog/verdiLog)
used swap file number: (1)



swap file manager:
arrSize: (256)
idxCnt: (3)
closeHead: (1)
closeTail: (2)
openCnt: (2)
fid(2): fd(29) fileName(/mnt/hgfs/vmaster/verilog/verdiLog/_swap_0001#8323328#52120)
	size(0) lastModTime(0) curModTime(1772713332)
	mode(w+b)	hot(0) cool(1) pos(0)
fid(1): fd(1073741824) fileName(/tmp/cpu_v_build_kid/simv.daidir/kdb.elab++/work.lib++/spi_master.v.tdc)
	size(6006) lastModTime(1772710712) curModTime(1772710712)
	mode(rb)	hot(2) cool(0) pos(0)
fid(0): fd(0) fileName(NULL)
	mode(NULL)	hot(0) cool(0) pos(0)
==================================================
mySelf(145c8040) pre(145b9980) next(0)
version(200506)
date(Feb 11 2019 22:10:27)
