#######################################################################################
# log primitive debug message of FSDB dumping                                         #
# This is for R&D to analyze when there are issues happening when FSDB dump           #
#######################################################################################
ANF: vcsd_get_serial_mode_status('/tmp/cpu_v_build_kid/simv: undefined symbol: vcsd_get_serial_mode_status')
ANF: vcsd_enable_sva_success_callback('/tmp/cpu_v_build_kid/simv: undefined symbol: vcsd_enable_sva_success_callback')
ANF: vcsd_disable_sva_success_callback('/tmp/cpu_v_build_kid/simv: undefined symbol: vcsd_disable_sva_success_callback')
ANF: vcsd_get_power_scope_name('/tmp/cpu_v_build_kid/simv: undefined symbol: vcsd_get_power_scope_name')
ANF: vcsd_begin_no_value_var_info('/tmp/cpu_v_build_kid/simv: undefined symbol: vcsd_begin_no_value_var_info')
ANF: vcsd_end_no_value_var_info('/tmp/cpu_v_build_kid/simv: undefined symbol: vcsd_end_no_value_var_info')
ANF: vcsd_remove_xprop_merge_mode_callback('/tmp/cpu_v_build_kid/simv: undefined symbol: vcsd_remove_xprop_merge_mode_callback')
ANF: vhpi_get_cb_info('/tmp/cpu_v_build_kid/simv: undefined symbol: vhpi_get_cb_info')
ANF: vhpi_free_handle('/tmp/cpu_v_build_kid/simv: undefined symbol: vhpi_free_handle')
ANF: vhpi_fetch_vcsd_handle('/tmp/cpu_v_build_kid/simv: undefined symbol: vhpi_fetch_vcsd_handle')
ANF: vhpi_fetch_vpi_handle('/tmp/cpu_v_build_kid/simv: undefined symbol: vhpi_fetch_vpi_handle')
ANF: vhpi_has_verilog_parent('/tmp/cpu_v_build_kid/simv: undefined symbol: vhpi_has_verilog_parent')
ANF: vhpi_is_verilog_scope('/tmp/cpu_v_build_kid/simv: undefined symbol: vhpi_is_verilog_scope')
ANF: scsd_xprop_is_enabled('/tmp/cpu_v_build_kid/simv: undefined symbol: scsd_xprop_is_enabled')
ANF: scsd_xprop_sig_is_promoted('/tmp/cpu_v_build_kid/simv: undefined symbol: scsd_xprop_sig_is_promoted')
ANF: scsd_xprop_int_xvalue('/tmp/cpu_v_build_kid/simv: undefined symbol: scsd_xprop_int_xvalue')
ANF: scsd_xprop_bool_xvalue('/tmp/cpu_v_build_kid/simv: undefined symbol: scsd_xprop_bool_xvalue')
ANF: scsd_xprop_enum_xvalue('/tmp/cpu_v_build_kid/simv: undefined symbol: scsd_xprop_enum_xvalue')
ANF: scsd_xprop_register_merge_mode_cb('/tmp/cpu_v_build_kid/simv: undefined symbol: scsd_xprop_register_merge_mode_cb')
ANF: scsd_xprop_delete_merge_mode_cb('/tmp/cpu_v_build_kid/simv: undefined symbol: scsd_xprop_delete_merge_mode_cb')
ANF: scsd_xprop_get_merge_mode('/tmp/cpu_v_build_kid/simv: undefined symbol: scsd_xprop_get_merge_mode')
ANF: scsd_thread_get_info('/tmp/cpu_v_build_kid/simv: undefined symbol: scsd_thread_get_info')
ANF: scsd_thread_vc_init('/tmp/cpu_v_build_kid/simv: undefined symbol: scsd_thread_vc_init')
ANF: scsd_master_set_delta_sync_cbk('/tmp/cpu_v_build_kid/simv: undefined symbol: scsd_master_set_delta_sync_cbk')
ANF: scsd_fgp_get_fsdb_cores('/tmp/cpu_v_build_kid/simv: undefined symbol: scsd_fgp_get_fsdb_cores')
ANF: msvEnableDumpingMode('/tmp/cpu_v_build_kid/simv: undefined symbol: msvEnableDumpingMode')
ANF: msvGetVersion('/tmp/cpu_v_build_kid/simv: undefined symbol: msvGetVersion')
ANF: msvGetInstProp('/tmp/cpu_v_build_kid/simv: undefined symbol: msvGetInstProp')
ANF: msvIsSpiceEngineReady('/tmp/cpu_v_build_kid/simv: undefined symbol: msvIsSpiceEngineReady')
ANF: msvSetAddProbeCallback('/tmp/cpu_v_build_kid/simv: undefined symbol: msvSetAddProbeCallback')
ANF: msvGetInstHandle('/tmp/cpu_v_build_kid/simv: undefined symbol: msvGetInstHandle')
ANF: msvGetProbeByInst('/tmp/cpu_v_build_kid/simv: undefined symbol: msvGetProbeByInst')
ANF: msvGetSigHandle('/tmp/cpu_v_build_kid/simv: undefined symbol: msvGetSigHandle')
ANF: msvGetProbeBySig('/tmp/cpu_v_build_kid/simv: undefined symbol: msvGetProbeBySig')
ANF: msvGetProbeInfo('/tmp/cpu_v_build_kid/simv: undefined symbol: msvGetProbeInfo')
ANF: msvRelease('/tmp/cpu_v_build_kid/simv: undefined symbol: msvRelease')
ANF: msvSetVcCallbackFunc('/tmp/cpu_v_build_kid/simv: undefined symbol: msvSetVcCallbackFunc')
ANF: msvCheckVcCallback('/tmp/cpu_v_build_kid/simv: undefined symbol: msvCheckVcCallback')
ANF: msvAddVcCallback('/tmp/cpu_v_build_kid/simv: undefined symbol: msvAddVcCallback')
ANF: msvRemoveVcCallback('/tmp/cpu_v_build_kid/simv: undefined symbol: msvRemoveVcCallback')
ANF: msvGetLatestValue('/tmp/cpu_v_build_kid/simv: undefined symbol: msvGetLatestValue')
ANF: msvSetEndofSimCallback('/tmp/cpu_v_build_kid/simv: undefined symbol: msvSetEndofSimCallback')
ANF: msvIgnoredProbe('/tmp/cpu_v_build_kid/simv: undefined symbol: msvIgnoredProbe')
ANF: msvGetThruNetInfo('/tmp/cpu_v_build_kid/simv: undefined symbol: msvGetThruNetInfo')
ANF: msvFreeThruNetInfo('/tmp/cpu_v_build_kid/simv: undefined symbol: msvFreeThruNetInfo')
ANF: PI_ace_get_output_time_unit('/tmp/cpu_v_build_kid/simv: undefined symbol: PI_ace_get_output_time_unit')
ANF: PI_ace_sim_sync('/tmp/cpu_v_build_kid/simv: undefined symbol: PI_ace_sim_sync')
ANF: msvGetRereadInitFile('/tmp/cpu_v_build_kid/simv: undefined symbol: msvGetRereadInitFile')
ANF: msvSetBeforeRereadCallback('/tmp/cpu_v_build_kid/simv: undefined symbol: msvSetBeforeRereadCallback')
ANF: msvSetAfterRereadCallback('/tmp/cpu_v_build_kid/simv: undefined symbol: msvSetAfterRereadCallback')
ANF: msvSetForceCallback('/tmp/cpu_v_build_kid/simv: undefined symbol: msvSetForceCallback')
ANF: msvSetReleaseCallback('/tmp/cpu_v_build_kid/simv: undefined symbol: msvSetReleaseCallback')
ANF: msvGetForceStatus('/tmp/cpu_v_build_kid/simv: undefined symbol: msvGetForceStatus')
ANF: vhdi_dt_get_type('/tmp/cpu_v_build_kid/simv: undefined symbol: vhdi_dt_get_type')
ANF: vhdi_dt_get_key('/tmp/cpu_v_build_kid/simv: undefined symbol: vhdi_dt_get_key')
ANF: vhdi_dt_get_vhdl_enum_info('/tmp/cpu_v_build_kid/simv: undefined symbol: vhdi_dt_get_vhdl_enum_info')
ANF: vhdi_dt_get_vhdl_physical_info('/tmp/cpu_v_build_kid/simv: undefined symbol: vhdi_dt_get_vhdl_physical_info')
ANF: vhdi_dt_get_vhdl_array_info('/tmp/cpu_v_build_kid/simv: undefined symbol: vhdi_dt_get_vhdl_array_info')
ANF: vhdi_dt_get_vhdl_record_info('/tmp/cpu_v_build_kid/simv: undefined symbol: vhdi_dt_get_vhdl_record_info')
ANF: vhdi_def_traverse_module('/tmp/cpu_v_build_kid/simv: undefined symbol: vhdi_def_traverse_module')
ANF: vhdi_def_traverse_scope('/tmp/cpu_v_build_kid/simv: undefined symbol: vhdi_def_traverse_scope')
ANF: vhdi_def_traverse_variable('/tmp/cpu_v_build_kid/simv: undefined symbol: vhdi_def_traverse_variable')
ANF: vhdi_def_get_module_id_by_vhpi('/tmp/cpu_v_build_kid/simv: undefined symbol: vhdi_def_get_module_id_by_vhpi')
ANF: vhdi_def_get_handle_by_module_id('/tmp/cpu_v_build_kid/simv: undefined symbol: vhdi_def_get_handle_by_module_id')
ANF: vhdi_def_get_variable_info_by_vhpi('/tmp/cpu_v_build_kid/simv: undefined symbol: vhdi_def_get_variable_info_by_vhpi')
ANF: vhdi_def_free('/tmp/cpu_v_build_kid/simv: undefined symbol: vhdi_def_free')
ANF: vhdi_ist_traverse_scope('/tmp/cpu_v_build_kid/simv: undefined symbol: vhdi_ist_traverse_scope')
ANF: vhdi_ist_traverse_variable('/tmp/cpu_v_build_kid/simv: undefined symbol: vhdi_ist_traverse_variable')
ANF: vhdi_ist_convert_by_vhpi('/tmp/cpu_v_build_kid/simv: undefined symbol: vhdi_ist_convert_by_vhpi')
ANF: vhdi_ist_clone('/tmp/cpu_v_build_kid/simv: undefined symbol: vhdi_ist_clone')
ANF: vhdi_ist_free('/tmp/cpu_v_build_kid/simv: undefined symbol: vhdi_ist_free')
ANF: vhdi_ist_hash_key('/tmp/cpu_v_build_kid/simv: undefined symbol: vhdi_ist_hash_key')
ANF: vhdi_ist_compare('/tmp/cpu_v_build_kid/simv: undefined symbol: vhdi_ist_compare')
ANF: vhdi_ist_get_value_addr('/tmp/cpu_v_build_kid/simv: undefined symbol: vhdi_ist_get_value_addr')
ANF: vhdi_set_scsd_callback('/tmp/cpu_v_build_kid/simv: undefined symbol: vhdi_set_scsd_callback')
ANF: vhdi_cbk_set_force_callback('/tmp/cpu_v_build_kid/simv: undefined symbol: vhdi_cbk_set_force_callback')
ANF: vhdi_trigger_init_force('/tmp/cpu_v_build_kid/simv: undefined symbol: vhdi_trigger_init_force')
ANF: vhdi_ist_check_scsd_callback('/tmp/cpu_v_build_kid/simv: undefined symbol: vhdi_ist_check_scsd_callback')
ANF: vhdi_ist_add_scsd_callback('/tmp/cpu_v_build_kid/simv: undefined symbol: vhdi_ist_add_scsd_callback')
ANF: vhdi_ist_remove_scsd_callback('/tmp/cpu_v_build_kid/simv: undefined symbol: vhdi_ist_remove_scsd_callback')
ANF: vhdi_ist_get_scsd_user_data('/tmp/cpu_v_build_kid/simv: undefined symbol: vhdi_ist_get_scsd_user_data')
ANF: vhdi_add_time_change_callback('/tmp/cpu_v_build_kid/simv: undefined symbol: vhdi_add_time_change_callback')
ANF: vhdi_get_real_value_by_value_addr('/tmp/cpu_v_build_kid/simv: undefined symbol: vhdi_get_real_value_by_value_addr')
ANF: vhdi_get_64_value_by_value_addr('/tmp/cpu_v_build_kid/simv: undefined symbol: vhdi_get_64_value_by_value_addr')
ANF: vhdi_xprop_inst_is_promoted('/tmp/cpu_v_build_kid/simv: undefined symbol: vhdi_xprop_inst_is_promoted')
ANF: vdi_ist_convert_by_vhdi('/tmp/cpu_v_build_kid/simv: undefined symbol: vdi_ist_convert_by_vhdi')
ANF: vhdi_ist_get_module_id('/tmp/cpu_v_build_kid/simv: undefined symbol: vhdi_ist_get_module_id')
ANF: vhdi_refine_foreign_scope_type('/tmp/cpu_v_build_kid/simv: undefined symbol: vhdi_refine_foreign_scope_type')
ANF: vhdi_flush_callback('/tmp/cpu_v_build_kid/simv: undefined symbol: vhdi_flush_callback')
ANF: vhdi_set_orig_name('/tmp/cpu_v_build_kid/simv: undefined symbol: vhdi_set_orig_name')
ANF: vhdi_set_dump_pt('/tmp/cpu_v_build_kid/simv: undefined symbol: vhdi_set_dump_pt')
ANF: vhdi_get_fsdb_option('/tmp/cpu_v_build_kid/simv: undefined symbol: vhdi_get_fsdb_option')
ANF: vhdi_fgp_get_mode('/tmp/cpu_v_build_kid/simv: undefined symbol: vhdi_fgp_get_mode')
ANF: vhdi_node_register_composite_var('/tmp/cpu_v_build_kid/simv: undefined symbol: vhdi_node_register_composite_var')
ANF: vhdi_node_analysis('/tmp/cpu_v_build_kid/simv: undefined symbol: vhdi_node_analysis')
ANF: vhdi_node_id('/tmp/cpu_v_build_kid/simv: undefined symbol: vhdi_node_id')
ANF: vhdi_node_ist_check_scsd_callback('/tmp/cpu_v_build_kid/simv: undefined symbol: vhdi_node_ist_check_scsd_callback')
ANF: vhdi_node_ist_add_scsd_callback('/tmp/cpu_v_build_kid/simv: undefined symbol: vhdi_node_ist_add_scsd_callback')
ANF: vhdi_node_ist_get_value_addr('/tmp/cpu_v_build_kid/simv: undefined symbol: vhdi_node_ist_get_value_addr')
VCS compile option:
 option[0]: /tmp/cpu_v_build_kid/simv
 option[1]: -l
 option[2]: vlogs/sim_soc_bus.log
 option[3]: +vcs+flush+all
 option[4]: /home/synopsys/vcs/O-2018.09-SP2/linux64/bin/vcs1
 option[5]: -Mcc=gcc
 option[6]: -Mcplusplus=g++
 option[7]: -Masflags=
 option[8]: -Mcfl= -pipe -fPIC -O -I/home/synopsys/vcs/O-2018.09-SP2/include 
 option[9]: -Mxcflags= -pipe -fPIC -I/home/synopsys/vcs/O-2018.09-SP2/include
 option[10]: -Mldflags= -Wl,--no-as-needed -rdynamic 
 option[11]: -Mout=/tmp/cpu_v_build_kid/simv
 option[12]: -Mamsrun=
 option[13]: -Mvcsaceobjs=
 option[14]: -Mobjects= /home/synopsys/vcs/O-2018.09-SP2/linux64/lib/libvirsim.so /home/synopsys/vcs/O-2018.09-SP2/linux64/lib/liberrorinf.so /home/synopsys/vcs/O-2018.09-SP2/linux64/lib/libsnpsmalloc.so /home/synopsys/vcs/O-2018.09-SP2/linux64/lib/libvfs.so 
 option[15]: -Mexternalobj=
 option[16]: -Msaverestoreobj=/home/synopsys/vcs/O-2018.09-SP2/linux64/lib/vcs_save_restore_new.o
 option[17]: -Mcrt0=
 option[18]: -Mcrtn=
 option[19]: -Mcsrc=
 option[20]: -Mdir=/tmp/cpu_v_build_kid/csrc
 option[21]: -Msyslibs=/home/synopsys/verdi/Verdi_O-2018.09-SP2/share/PLI/VCS/LINUX64/pli.a -ldl 
 option[22]: -l
 option[23]: vlogs/compile.log
 option[24]: -full64
 option[25]: -timescale=1ns/1ps
 option[26]: -debug_access+all
 option[27]: +vpi
 option[28]: +vcsd1
 option[29]: +itf+/home/synopsys/vcs/O-2018.09-SP2/linux64/lib/vcsdp_lite.tab
 option[30]: -kdb
 option[31]: -Xufe=2steps
 option[32]: -lca
 option[33]: +v2k
 option[34]: -o
 option[35]: /tmp/cpu_v_build_kid/simv
 option[36]: -picarchive
 option[37]: -P
 option[38]: /home/synopsys/verdi/Verdi_O-2018.09-SP2/share/PLI/VCS/LINUX64/verdi.tab
 option[39]: -fsdb
 option[40]: -gen_obj
 option[41]: +incdir+core
 option[42]: +incdir+peripherals
 option[43]: +incdir+common
 option[44]: +incdir+soc
 option[45]: core/config.v
 option[46]: core/registers.v
 option[47]: core/registers_csr.v
 option[48]: core/inst_fetch.v
 option[49]: core/inst_decoder.v
 option[50]: core/ex_alu.v
 option[51]: core/ex_branch.v
 option[52]: core/ex_csr.v
 option[53]: core/ex_mem.v
 option[54]: core/mem_controller.v
 option[55]: core/cache.v
 option[56]: core/sys_bus.v
 option[57]: core/cpu_pipeline.v
 option[58]: core/cpu_top.v
 option[59]: peripherals/digital/digital_ram.v
 option[60]: peripherals/digital/digital_flash.v
 option[61]: peripherals/uart/uart_clk_div.v
 option[62]: peripherals/uart/uart_rx.v
 option[63]: peripherals/uart/uart_tx.v
 option[64]: peripherals/uart/uart_top.v
 option[65]: peripherals/spi/spi_master.v
 option[66]: peripherals/iic/iic_scl.v
 option[67]: peripherals/iic/iic_master.v
 option[68]: peripherals/iic/iic_slave.v
 option[69]: peripherals/iic/iic_top.v
 option[70]: peripherals/gpio_controller.v
 option[71]: peripherals/hl_adapter.v
 option[72]: peripherals/peripherals_bus.v
 option[73]: common/fifo_async.v
 option[74]: soc/digital_soc.v
 option[75]: soc/vboard_soc.v
 option[76]: testbench/soc_peripheral_bus_tb.v
 option[77]: -load
 option[78]: /home/synopsys/verdi/Verdi_O-2018.09-SP2/share/PLI/VCS/LINUX64/libnovas.so:FSDBDumpCmd
 option[79]: timescale=1ns/1ps
Chronologic Simulation VCS Release O-2018.09-SP2_Full64
Linux 3.10.0-1062.el7.x86_64 #1 SMP Wed Aug 7 18:08:02 UTC 2019 x86_64
CPU cores: 4
Limit information:
======================================
cputime		unlimited
filesize		unlimited
datasize		unlimited
stacksize		8192 kbytes
coredumpsize		0 kbytes
memoryuse		unlimited
vmemoryuse		unlimited
descriptors		4096
memorylocked		64 kbytes
maxproc		4096
======================================
(Special)Runtime environment variables:

Runtime environment variables:
DESKTOP_SESSION=gnome-classic
XDG_SESSION_TYPE=x11
XAUTHORITY=/run/gdm/auth-for-kid-rnSE2M/database
GDMSESSION=gnome-classic
XMODIFIERS=@im=ibus
SHELL=/bin/bash
GDM_LANG=zh_CN.UTF-8
VTE_VERSION=5202
_=/usr/bin/make
HISTCONTROL=ignoredups
USERNAME=kid
DVE_HOME=/home/synopsys/vcs/O-2018.09-SP2
XDG_DATA_DIRS=/home/kid/.local/share/flatpak/exports/share/:/var/lib/flatpak/exports/share/:/usr/local/share/:/usr/share/
LESSOPEN=||/usr/bin/lesspipe.sh %s
PATH=/usr/lib/qt-3.3/bin:/usr/local/bin:/usr/local/sbin:/usr/bin:/usr/sbin:/bin:/sbin:/home/synopsys/vcs/O-2018.09-SP2/gui/dve/bin:/home/synopsys/vcs/O-2018.09-SP2/bin:/home/synopsys/verdi/Verdi_O-2018.09-SP2/bin:/home/synopsys/scl/2018.06/linux64/bin:/home/kid/.local/bin:/home/kid/bin:/home/synopsys/vcs/O-2018.09-SP2/gui/dve/bin:/home/synopsys/vcs/O-2018.09-SP2/bin:/home/synopsys/verdi/Verdi_O-2018.09-SP2/bin:/home/synopsys/scl/2018.06/linux64/bin
LM_LICENSE_FILE=27000@localhost.localdomain
QT_GRAPHICSSYSTEM_CHECKED=1
SESSION_MANAGER=local/unix:@/tmp/.ICE-unix/2340,unix/unix:/tmp/.ICE-unix/2340
XDG_RUNTIME_DIR=/run/user/1000
XDG_MENU_PREFIX=gnome-
LS_COLORS=rs=0:di=38;5;27:ln=38;5;51:mh=44;38;5;15:pi=40;38;5;11:so=38;5;13:do=38;5;5:bd=48;5;232;38;5;11:cd=48;5;232;38;5;3:or=48;5;232;38;5;9:mi=05;48;5;232;38;5;15:su=48;5;196;38;5;15:sg=48;5;11;38;5;16:ca=48;5;196;38;5;226:tw=48;5;10;38;5;16:ow=48;5;10;38;5;21:st=48;5;21;38;5;15:ex=38;5;34:*.tar=38;5;9:*.tgz=38;5;9:*.arc=38;5;9:*.arj=38;5;9:*.taz=38;5;9:*.lha=38;5;9:*.lz4=38;5;9:*.lzh=38;5;9:*.lzma=38;5;9:*.tlz=38;5;9:*.txz=38;5;9:*.tzo=38;5;9:*.t7z=38;5;9:*.zip=38;5;9:*.z=38;5;9:*.Z=38;5;9:*.dz=38;5;9:*.gz=38;5;9:*.lrz=38;5;9:*.lz=38;5;9:*.lzo=38;5;9:*.xz=38;5;9:*.bz2=38;5;9:*.bz=38;5;9:*.tbz=38;5;9:*.tbz2=38;5;9:*.tz=38;5;9:*.deb=38;5;9:*.rpm=38;5;9:*.jar=38;5;9:*.war=38;5;9:*.ear=38;5;9:*.sar=38;5;9:*.rar=38;5;9:*.alz=38;5;9:*.ace=38;5;9:*.zoo=38;5;9:*.cpio=38;5;9:*.7z=38;5;9:*.rz=38;5;9:*.cab=38;5;9:*.jpg=38;5;13:*.jpeg=38;5;13:*.gif=38;5;13:*.bmp=38;5;13:*.pbm=38;5;13:*.pgm=38;5;13:*.ppm=38;5;13:*.tga=38;5;13:*.xbm=38;5;13:*.xpm=38;5;13:*.tif=38;5;13:*.tiff=38;5;13:*.png=38;5;13:*.svg=38;5;13:*.svgz=38;5;13:*.mng=38;5;13:*.pcx=38;5;13:*.mov=38;5;13:*.mpg=38;5;13:*.mpeg=38;5;13:*.m2v=38;5;13:*.mkv=38;5;13:*.webm=38;5;13:*.ogm=38;5;13:*.mp4=38;5;13:*.m4v=38;5;13:*.mp4v=38;5;13:*.vob=38;5;13:*.qt=38;5;13:*.nuv=38;5;13:*.wmv=38;5;13:*.asf=38;5;13:*.rm=38;5;13:*.rmvb=38;5;13:*.flc=38;5;13:*.avi=38;5;13:*.fli=38;5;13:*.flv=38;5;13:*.gl=38;5;13:*.dl=38;5;13:*.xcf=38;5;13:*.xwd=38;5;13:*.yuv=38;5;13:*.cgm=38;5;13:*.emf=38;5;13:*.axv=38;5;13:*.anx=38;5;13:*.ogv=38;5;13:*.ogx=38;5;13:*.aac=38;5;45:*.au=38;5;45:*.flac=38;5;45:*.mid=38;5;45:*.midi=38;5;45:*.mka=38;5;45:*.mp3=38;5;45:*.mpc=38;5;45:*.ogg=38;5;45:*.ra=38;5;45:*.wav=38;5;45:*.axa=38;5;45:*.oga=38;5;45:*.spx=38;5;45:*.xspf=38;5;45:
XDG_SESSION_DESKTOP=gnome-classic
SSH_AUTH_SOCK=/run/user/1000/keyring/ssh
DISPLAY=:0
IMSETTINGS_INTEGRATE_DESKTOP=yes
HOME=/home/kid
VCS_HOME=/home/synopsys/vcs/O-2018.09-SP2
PWD=/home/kid/cpu-v-master/verilog
XDG_SEAT=seat0
SSH_AGENT_PID=2472
VERDI_HOME=/home/synopsys/verdi/Verdi_O-2018.09-SP2
DBUS_SESSION_BUS_ADDRESS=unix:abstract=/tmp/dbus-RLi7U7rayu,guid=0c20d1fa4b39aaa89676a71369a82784
LD_LIBRARY_PATH=/home/synopsys/verdi/Verdi_O-2018.09-SP2/share/PLI/VCS/LINUX64
LOGNAME=kid
NVM_CD_FLAGS=
GNOME_DESKTOP_SESSION_ID=this-is-deprecated
HOSTNAME=localhost.localdomain
XDG_VTNR=1
COLORTERM=truecolor
QT_IM_MODULE=ibus
VCS_ARCH_OVERRIDE=linux
SHLVL=2
GNOME_SHELL_SESSION_MODE=classic
XDG_SESSION_ID=1
USER=kid
QTLIB=/usr/lib/qt-3.3/lib
XDG_CURRENT_DESKTOP=GNOME-Classic:GNOME
VCS_MX_HOME=/home/synopsys/vcs-mx/O-2018.09-SP2
OLDPWD=/home/kid
IMSETTINGS_MODULE=none
MAKEFLAGS=
MFLAGS=
MAIL=/var/spool/mail/kid
PS1=\[\e[1;32m\][\u@\h `pwd`]\[\e[0m\] \[\e[1;32m\]➜\[\e[0m\] 
DBUS_STARTER_BUS_TYPE=session
SCL_HOME=/home/synopsys/scl/2018.06
GNOME_TERMINAL_SCREEN=/org/gnome/Terminal/screen/5d3d8232_6f84_4891_8ed7_2b5b84007f7e
NVM_DIR=/home/kid/.nvm
GNOME_TERMINAL_SERVICE=:1.98
HISTSIZE=1000
WINDOWPATH=1
QTINC=/usr/lib/qt-3.3/include
QTDIR=/usr/lib/qt-3.3
LANG=zh_CN.UTF-8
TERM=xterm-256color
DBUS_STARTER_ADDRESS=unix:abstract=/tmp/dbus-RLi7U7rayu,guid=0c20d1fa4b39aaa89676a71369a82784
MAKELEVEL=1
VCS_HEAP_EXEC=true
VCS_PATHMAP_PRELOAD_DONE=1
VCS_STACK_EXEC=true
VCS_EXEC_DONE=1
LC_ALL=C
DVE=/home/synopsys/vcs/O-2018.09-SP2/gui/dve
SPECMAN_OUTPUT_TO_TTY=1
Runtime command line arguments:
argv[0]=/tmp/cpu_v_build_kid/simv
argv[1]=-l
argv[2]=vlogs/sim_soc_bus.log
argv[3]=+vcs+flush+all
282 profile - 100
          CPU/Mem usage: 0.080 sys,  0.340 user,  256.40M mem
283 Thu Mar  5 19:38:43 2026
284 pliAppInit
285 FSDB_GATE is set.
286 FSDB_RTL is set.
287 Enable Parallel Dumping.
288 pliAppMiscSet: New Sim Round
289 pliEntryInit
290 LIBSSCORE=found /home/synopsys/verdi/Verdi_O-2018.09-SP2/share/PLI/lib/LINUXAMD64/libsscore_vcs201809.so through $NOVAS_HOME setting.
291 FSDB Dumper for VCS, Release Verdi_O-2018.09-SP2, Linux x86_64/64bit, 02/21/2019
292 (C) 1996 - 2019 by Synopsys, Inc.
293 sps_call_fsdbDumpfile_main at 0 : testbench/soc_peripheral_bus_tb.v(228)
294 argv[0]: (/tmp/cpu_v_build_kid/soc_peripheral_bus.fsdb)
295 *Verdi* FSDB WARNING: The FSDB file already exists. Overwriting the FSDB file may crash the programs that are using this file.
296 *Verdi* : Create FSDB file '/tmp/cpu_v_build_kid/soc_peripheral_bus.fsdb'
297 compile option from '/tmp/cpu_v_build_kid/simv.daidir/vcs_rebuild'.
298   "vcs '-full64' '-timescale=1ns/1ps' '-debug_access+all' '-kdb' '-lca' '-LDFLAGS' '-Wl,--no-as-needed' '+v2k' '-Mdir=/tmp/cpu_v_build_kid/csrc' '+incdir+core' '+incdir+peripherals' '+incdir+common' '+incdir+soc' '-l' 'vlogs/compile.log' 'core/config.v' 'core/registers.v' 'core/registers_csr.v' 'core/inst_fetch.v' 'core/inst_decoder.v' 'core/ex_alu.v' 'core/ex_branch.v' 'core/ex_csr.v' 'core/ex_mem.v' 'core/mem_controller.v' 'core/cache.v' 'core/sys_bus.v' 'core/cpu_pipeline.v' 'core/cpu_top.v' 'peripherals/digital/digital_ram.v' 'peripherals/digital/digital_flash.v' 'peripherals/uart/uart_clk_div.v' 'peripherals/uart/uart_rx.v' 'peripherals/uart/uart_tx.v' 'peripherals/uart/uart_top.v' 'peripherals/spi/spi_master.v' 'peripherals/iic/iic_scl.v' 'peripherals/iic/iic_master.v' 'peripherals/iic/iic_slave.v' 'peripherals/iic/iic_top.v' 'peripherals/gpio_controller.v' 'peripherals/hl_adapter.v' 'peripherals/peripherals_bus.v' 'common/fifo_async.v' 'soc/digital_soc.v' 'soc/vboard_soc.v' 'testbench/soc_peripheral_bus_tb.v' '-o' '/tmp/cpu_v_build_kid/simv' 2>&1"
299 FSDB_VCS_ENABLE_FAST_VC is enable
300 sps_call_fsdbDumpvars_vd_main at 0 : testbench/soc_peripheral_bus_tb.v(229)
301 argv[0]: (0)
302 argv[1]: (handle) soc_peripheral_bus_tb
303 [spi_vcs_vd_ppi_create_root]: no upf option
304 FSDB dumper cannot dump UPF related power signal ($power_tree): no ppiPowerNetwork.
305 *Verdi* : Begin traversing the scope (soc_peripheral_bus_tb), layer (0).
306 *Verdi* : End of traversing.
307 pliAppHDL_DumpVarComplete traverse var: profile - 
          CPU/Mem usage: 0.130 sys,  0.380 user,  352.87M mem
                   incr: 0.010 sys,  0.030 user,  8.48M mem
                   accu: 0.010 sys,  0.030 user,  8.48M mem
              accu incr: 0.010 sys,  0.030 user,  8.48M mem

          Count usage: 1070 var,  790 idcode,  458 callback
                 incr: 1070 var,  790 idcode,  458 callback
                 accu: 1070 var,  790 idcode,  458 callback
            accu incr: 1070 var,  790 idcode,  458 callback
308 Thu Mar  5 19:38:43 2026
309 pliAppHDL_DumpVarComplete: profile - 
          CPU/Mem usage: 0.130 sys,  0.380 user,  353.92M mem
                   incr: 0.000 sys,  0.000 user,  1.05M mem
                   accu: 0.010 sys,  0.030 user,  9.54M mem
              accu incr: 0.000 sys,  0.000 user,  1.05M mem

          Count usage: 1070 var,  790 idcode,  458 callback
                 incr: 0 var,  0 idcode,  0 callback
                 accu: 1070 var,  790 idcode,  458 callback
            accu incr: 0 var,  0 idcode,  0 callback
310 Thu Mar  5 19:38:43 2026
311 sps_call_fsdbDumpMDA_vd_main at 0 : testbench/soc_peripheral_bus_tb.v(230)
312 argv[0]: (0)
313 argv[1]: (handle) soc_peripheral_bus_tb
314 *Verdi* : Begin traversing the MDAs under scope (soc_peripheral_bus_tb), layer (0).
315 *Verdi* : Enable +mda and +packedmda dumping.
316 *Verdi* : End of traversing the MDAs.
317 pliAppHDL_DumpVarComplete traverse var: profile - 
          CPU/Mem usage: 0.140 sys,  0.390 user,  354.06M mem
                   incr: 0.010 sys,  0.010 user,  0.14M mem
                   accu: 0.010 sys,  0.010 user,  0.14M mem
              accu incr: 0.010 sys,  0.010 user,  0.14M mem

          Count usage: 8430 var,  8150 idcode,  497 callback
                 incr: 7360 var,  7360 idcode,  39 callback
                 accu: 7360 var,  7360 idcode,  39 callback
            accu incr: 7360 var,  7360 idcode,  39 callback
318 Thu Mar  5 19:38:43 2026
319 pliAppHDL_DumpVarComplete: profile - 
          CPU/Mem usage: 0.140 sys,  0.390 user,  354.33M mem
                   incr: 0.000 sys,  0.000 user,  0.27M mem
                   accu: 0.010 sys,  0.010 user,  0.41M mem
              accu incr: 0.000 sys,  0.000 user,  0.27M mem

          Count usage: 8430 var,  8150 idcode,  497 callback
                 incr: 0 var,  0 idcode,  0 callback
                 accu: 7360 var,  7360 idcode,  39 callback
            accu incr: 0 var,  0 idcode,  0 callback
320 Thu Mar  5 19:38:43 2026
321 End of simulation at 10020000
322 Thu Mar  5 19:38:43 2026
323 Begin FSDB profile info:
324 FSDB Writer : bc1(10953) bcn(19905) mtf/stf(0/0)
FSDB Writer elapsed time : flush(0.016648) io wait(0.000000) theadpool wait(0.000000) target functin(0.000000)
FSDB Writer cpu time : MT Compression : 0
325 End FSDB profile info
326 Parallel profile    -  Flush:4 Expand:0 ProduceWait:0 ConsumerWait:0 BlockUsed:0
327                        ProduceTime:0.740967490 ConsumerTime:0.000000000 Buffer:64MB
328 SimExit
329 Sim process exit
