Command: /tmp/cpu_v_build_kid/simv -l vlogs/sim_pipeline.log +vcs+flush+all
Chronologic VCS simulator copyright 1991-2018
Contains Synopsys proprietary information.
Compiler version O-2018.09-SP2_Full64; Runtime version O-2018.09-SP2_Full64;  Mar  4 11:24 2026
*Verdi* Loading libsscore_vcs201809.so
FSDB Dumper for VCS, Release Verdi_O-2018.09-SP2, Linux x86_64/64bit, 02/21/2019
(C) 1996 - 2019 by Synopsys, Inc.
*Verdi* : Create FSDB file '/tmp/cpu_v_build_kid/pipeline_simple.fsdb'
*Verdi* : Begin traversing the scope (cpu_pipeline_simple_tb), layer (0).
*Verdi* : End of traversing.
Time=15000: PC=0x00000000, inst=0x00000013, inst_ready=0
Time=25000: PC=0x00000000, inst=0x00100093, inst_ready=1
Time=35000: PC=0x00000004, inst=0x00200113, inst_ready=1
Time=45000: PC=0x00000008, inst=0x002081b3, inst_ready=1
Time=55000: PC=0x0000000c, inst=0x00a18213, inst_ready=1
Time=65000: PC=0x00000010, inst=0x401202b3, inst_ready=1
Time=75000: PC=0x00000014, inst=0x00000013, inst_ready=1
Time=85000: PC=0x00000018, inst=0x00000013, inst_ready=1
Time=95000: PC=0x0000001c, inst=0x00000013, inst_ready=1
Time=105000: PC=0x00000020, inst=0x00000013, inst_ready=1
Time=115000: PC=0x00000024, inst=0x00000013, inst_ready=1
Time=125000: PC=0x00000028, inst=0x00000013, inst_ready=1
Time=135000: PC=0x0000002c, inst=0x00000013, inst_ready=1
Time=145000: PC=0x00000030, inst=0x00000013, inst_ready=1
Time=155000: PC=0x00000034, inst=0x00000013, inst_ready=1
Time=165000: PC=0x00000038, inst=0x00000013, inst_ready=1
Time=175000: PC=0x0000003c, inst=0x00000013, inst_ready=1
Time=185000: PC=0x00000040, inst=0x00000013, inst_ready=1
Time=195000: PC=0x00000044, inst=0x00000013, inst_ready=1
Time=205000: PC=0x00000048, inst=0x00000013, inst_ready=1
Time=215000: PC=0x0000004c, inst=0x00000013, inst_ready=1
Time=225000: PC=0x00000050, inst=0x00000013, inst_ready=1
Time=235000: PC=0x00000054, inst=0x00000013, inst_ready=1
Time=245000: PC=0x00000058, inst=0x00000013, inst_ready=1
Time=255000: PC=0x0000005c, inst=0x00000013, inst_ready=1
Time=265000: PC=0x00000060, inst=0x00000013, inst_ready=1
Time=275000: PC=0x00000064, inst=0x00000013, inst_ready=1
Time=285000: PC=0x00000068, inst=0x00000013, inst_ready=1
Time=295000: PC=0x0000006c, inst=0x00000013, inst_ready=1
Time=305000: PC=0x00000070, inst=0x00000013, inst_ready=1
Time=315000: PC=0x00000074, inst=0x00000013, inst_ready=1
Time=325000: PC=0x00000078, inst=0x00000013, inst_ready=1
Time=335000: PC=0x0000007c, inst=0x00000013, inst_ready=1
Time=345000: PC=0x00000080, inst=0x00000013, inst_ready=1
Time=355000: PC=0x00000084, inst=0x00000013, inst_ready=1
Time=365000: PC=0x00000088, inst=0x00000013, inst_ready=1
Time=375000: PC=0x0000008c, inst=0x00000013, inst_ready=1
Time=385000: PC=0x00000090, inst=0x00000013, inst_ready=1
Time=395000: PC=0x00000094, inst=0x00000013, inst_ready=1
Time=405000: PC=0x00000098, inst=0x00000013, inst_ready=1
Time=415000: PC=0x0000009c, inst=0x00000013, inst_ready=1
Time=425000: PC=0x000000a0, inst=0x00000013, inst_ready=1
Time=435000: PC=0x000000a4, inst=0x00000013, inst_ready=1
Time=445000: PC=0x000000a8, inst=0x00000013, inst_ready=1
Time=455000: PC=0x000000ac, inst=0x00000013, inst_ready=1
Time=465000: PC=0x000000b0, inst=0x00000013, inst_ready=1
Time=475000: PC=0x000000b4, inst=0x00000013, inst_ready=1
Time=485000: PC=0x000000b8, inst=0x00000013, inst_ready=1
Time=495000: PC=0x000000bc, inst=0x00000013, inst_ready=1
Time=505000: PC=0x000000c0, inst=0x00000013, inst_ready=1
Time=515000: PC=0x000000c4, inst=0x00000013, inst_ready=1
Time=525000: PC=0x000000c8, inst=0x00000013, inst_ready=1
Time=535000: PC=0x000000cc, inst=0x00000013, inst_ready=1
Time=545000: PC=0x000000d0, inst=0x00000013, inst_ready=1
Time=555000: PC=0x000000d4, inst=0x00000013, inst_ready=1
Time=565000: PC=0x000000d8, inst=0x00000013, inst_ready=1
Time=575000: PC=0x000000dc, inst=0x00000013, inst_ready=1
Time=585000: PC=0x000000e0, inst=0x00000013, inst_ready=1
Time=595000: PC=0x000000e4, inst=0x00000013, inst_ready=1
Time=605000: PC=0x000000e8, inst=0x00000013, inst_ready=1
Time=615000: PC=0x000000ec, inst=0x00000013, inst_ready=1
Time=625000: PC=0x000000f0, inst=0x00000013, inst_ready=1
Time=635000: PC=0x000000f4, inst=0x00000013, inst_ready=1
Time=645000: PC=0x000000f8, inst=0x00000013, inst_ready=1
Time=655000: PC=0x000000fc, inst=0x00000013, inst_ready=1
Time=665000: PC=0x00000100, inst=0x00000013, inst_ready=0
Time=675000: PC=0x00000100, inst=0x00000013, inst_ready=0
Time=685000: PC=0x00000100, inst=0x00000013, inst_ready=0
Time=695000: PC=0x00000100, inst=0x00000013, inst_ready=0
Time=705000: PC=0x00000100, inst=0x00000013, inst_ready=0
Time=715000: PC=0x00000100, inst=0x00000013, inst_ready=0
Time=725000: PC=0x00000100, inst=0x00000013, inst_ready=0
Time=735000: PC=0x00000100, inst=0x00000013, inst_ready=0
Time=745000: PC=0x00000100, inst=0x00000013, inst_ready=0
Time=755000: PC=0x00000100, inst=0x00000013, inst_ready=0
Time=765000: PC=0x00000100, inst=0x00000013, inst_ready=0
Time=775000: PC=0x00000100, inst=0x00000013, inst_ready=0
Time=785000: PC=0x00000100, inst=0x00000013, inst_ready=0
Time=795000: PC=0x00000100, inst=0x00000013, inst_ready=0
Time=805000: PC=0x00000100, inst=0x00000013, inst_ready=0
Time=815000: PC=0x00000100, inst=0x00000013, inst_ready=0
Time=825000: PC=0x00000100, inst=0x00000013, inst_ready=0
Time=835000: PC=0x00000100, inst=0x00000013, inst_ready=0
Time=845000: PC=0x00000100, inst=0x00000013, inst_ready=0
Time=855000: PC=0x00000100, inst=0x00000013, inst_ready=0
Time=865000: PC=0x00000100, inst=0x00000013, inst_ready=0
Time=875000: PC=0x00000100, inst=0x00000013, inst_ready=0
Time=885000: PC=0x00000100, inst=0x00000013, inst_ready=0
Time=895000: PC=0x00000100, inst=0x00000013, inst_ready=0
Time=905000: PC=0x00000100, inst=0x00000013, inst_ready=0
Time=915000: PC=0x00000100, inst=0x00000013, inst_ready=0
Time=925000: PC=0x00000100, inst=0x00000013, inst_ready=0
Time=935000: PC=0x00000100, inst=0x00000013, inst_ready=0
Time=945000: PC=0x00000100, inst=0x00000013, inst_ready=0
Time=955000: PC=0x00000100, inst=0x00000013, inst_ready=0
Time=965000: PC=0x00000100, inst=0x00000013, inst_ready=0
Time=975000: PC=0x00000100, inst=0x00000013, inst_ready=0
Time=985000: PC=0x00000100, inst=0x00000013, inst_ready=0
Time=995000: PC=0x00000100, inst=0x00000013, inst_ready=0
Time=1005000: PC=0x00000100, inst=0x00000013, inst_ready=0

========================================
Simulation finished
========================================
Final Register Values:
x1 = 0x00000001 (1) - Expected: 1
x2 = 0x00000002 (2) - Expected: 2
x3 = 0x00000003 (3) - Expected: 3
x4 = 0x0000000d (13) - Expected: 13
x5 = 0x0000000c (12) - Expected: 12
========================================

$finish called from file "testbench/cpu_pipeline_simple_tb.v", line 159.
$finish at simulation time              1010000
           V C S   S i m u l a t i o n   R e p o r t 
Time: 1010000 ps
CPU Time:      1.550 seconds;       Data structure size:   0.0Mb
Wed Mar  4 11:24:11 2026
