Command: /tmp/cpu_v_build_kid/simv -l vlogs/sim_pipeline_full.log +vcs+flush+all
Chronologic VCS simulator copyright 1991-2018
Contains Synopsys proprietary information.
Compiler version O-2018.09-SP2_Full64; Runtime version O-2018.09-SP2_Full64;  Mar  4 12:18 2026
*Verdi* Loading libsscore_vcs201809.so
FSDB Dumper for VCS, Release Verdi_O-2018.09-SP2, Linux x86_64/64bit, 02/21/2019
(C) 1996 - 2019 by Synopsys, Inc.
*Verdi* : Create FSDB file '/tmp/cpu_v_build_kid/pipeline_full.fsdb'
*Verdi* : Begin traversing the scope (cpu_pipeline_full_tb), layer (0).
*Verdi* : End of traversing.
Time=25000: PC=0x00000000, inst=0x00000013
Time=35000: PC=0x00000000, inst=0x00a00093
Time=45000: PC=0x00000004, inst=0x01400113
Time=55000: PC=0x00000008, inst=0x00500193
Time=65000: PC=0x0000000c, inst=0x00208233
Time=75000: PC=0x00000010, inst=0x003202b3
Time=85000: PC=0x00000014, inst=0x40110333
Time=95000: PC=0x00000018, inst=0x403283b3
Time=105000: PC=0x0000001c, inst=0x0ff00413
Time=115000: PC=0x00000020, inst=0x00f00493
Time=125000: PC=0x00000024, inst=0x00947533
Time=135000: PC=0x00000028, inst=0x009465b3
Time=145000: PC=0x0000002c, inst=0x0050e613
Time=155000: PC=0x00000030, inst=0x00200693
Time=165000: PC=0x00000034, inst=0x00d19733
Time=175000: PC=0x00000038, inst=0x00d157b3
Time=185000: PC=0x0000003c, inst=0x10000813
Time=195000: PC=0x00000040, inst=0x00482023
Time=205000: PC=0x00000044, inst=0x00582223
Time=215000: PC=0x00000048, inst=0x00082883
Time=225000: SW - mem[0x00000100] = 0x0000001e
Time=225000: PC=0x00000048, inst=0x00000013
Time=235000: PC=0x00000048, inst=0x00082883
Time=245000: PC=0x0000004c, inst=0x00482903
Time=255000: SW - mem[0x00000104] = 0x00000023
Time=255000: PC=0x0000004c, inst=0x00000013
Time=265000: PC=0x0000004c, inst=0x00482903
Time=275000: PC=0x00000050, inst=0x06400993
Time=285000: PC=0x00000050, inst=0x00000013
Time=295000: PC=0x00000050, inst=0x06400993
Time=305000: PC=0x00000050, inst=0x00000013
Time=315000: PC=0x00000050, inst=0x06400993
Time=325000: PC=0x00000054, inst=0x06400a13
Time=335000: PC=0x00000058, inst=0x01498863
Time=345000: PC=0x00000058, inst=0x00000013
Time=355000: PC=0x00000058, inst=0x01498863
Time=365000: PC=0x0000005c, inst=0x06300a93
Time=375000: PC=0x00000060, inst=0x00000013
Time=385000: PC=0x00000068, inst=0x0c800a93
Time=395000: PC=0x0000006c, inst=0x03200b13
Time=405000: PC=0x00000070, inst=0x03c00b93
Time=415000: PC=0x00000074, inst=0x017b1863
Time=425000: PC=0x00000078, inst=0x05800c13
Time=435000: PC=0x0000007c, inst=0x00000013
Time=445000: PC=0x00000084, inst=0x04d00c13
Time=455000: PC=0x00000088, inst=0x010000ef
Time=465000: PC=0x00000088, inst=0x00000013
Time=475000: PC=0x00000088, inst=0x010000ef
Time=485000: PC=0x00000098, inst=0x0de00d13
Time=495000: PC=0x0000009c, inst=0x00000d93
Time=505000: PC=0x000000a0, inst=0x0b000e13
Time=515000: PC=0x000000a4, inst=0x000e0d67
Time=525000: PC=0x000000a4, inst=0x00000013
Time=535000: PC=0x000000a4, inst=0x000e0d67
Time=545000: PC=0x000000b0, inst=0x1bc00e93
Time=555000: PC=0x000000b4, inst=0xfff00f93
Time=565000: PC=0x000000b8, inst=0x0000006f
Time=575000: PC=0x000000b8, inst=0x00000013
Time=585000: PC=0x000000b8, inst=0x0000006f
Time=595000: PC=0x000000b8, inst=0x0000006f
Time=605000: PC=0x000000b8, inst=0x00000013
Time=615000: PC=0x000000b8, inst=0x0000006f
Time=625000: PC=0x000000b8, inst=0x0000006f
Time=635000: PC=0x000000b8, inst=0x00000013
Time=645000: PC=0x000000b8, inst=0x0000006f
Time=655000: PC=0x000000b8, inst=0x0000006f
Time=665000: PC=0x000000b8, inst=0x00000013
Time=675000: PC=0x000000b8, inst=0x0000006f
Time=685000: PC=0x000000b8, inst=0x0000006f
Time=695000: PC=0x000000b8, inst=0x00000013
Time=705000: PC=0x000000b8, inst=0x0000006f
Time=715000: PC=0x000000b8, inst=0x0000006f
Time=725000: PC=0x000000b8, inst=0x00000013
Time=735000: PC=0x000000b8, inst=0x0000006f
Time=745000: PC=0x000000b8, inst=0x0000006f
Time=755000: PC=0x000000b8, inst=0x00000013
Time=765000: PC=0x000000b8, inst=0x0000006f
Time=775000: PC=0x000000b8, inst=0x0000006f
Time=785000: PC=0x000000b8, inst=0x00000013
Time=795000: PC=0x000000b8, inst=0x0000006f
Time=805000: PC=0x000000b8, inst=0x0000006f
Time=815000: PC=0x000000b8, inst=0x00000013
Time=825000: PC=0x000000b8, inst=0x0000006f
Time=835000: PC=0x000000b8, inst=0x0000006f
Time=845000: PC=0x000000b8, inst=0x00000013
Time=855000: PC=0x000000b8, inst=0x0000006f
Time=865000: PC=0x000000b8, inst=0x0000006f
Time=875000: PC=0x000000b8, inst=0x00000013
Time=885000: PC=0x000000b8, inst=0x0000006f
Time=895000: PC=0x000000b8, inst=0x0000006f
Time=905000: PC=0x000000b8, inst=0x00000013
Time=915000: PC=0x000000b8, inst=0x0000006f
Time=925000: PC=0x000000b8, inst=0x0000006f
Time=935000: PC=0x000000b8, inst=0x00000013
Time=945000: PC=0x000000b8, inst=0x0000006f
Time=955000: PC=0x000000b8, inst=0x0000006f
Time=965000: PC=0x000000b8, inst=0x00000013
Time=975000: PC=0x000000b8, inst=0x0000006f
Time=985000: PC=0x000000b8, inst=0x0000006f
Time=995000: PC=0x000000b8, inst=0x00000013
Time=1005000: PC=0x000000b8, inst=0x0000006f
Time=1015000: PC=0x000000b8, inst=0x0000006f
Time=1025000: PC=0x000000b8, inst=0x00000013
Time=1035000: PC=0x000000b8, inst=0x0000006f
Time=1045000: PC=0x000000b8, inst=0x0000006f
Time=1055000: PC=0x000000b8, inst=0x00000013
Time=1065000: PC=0x000000b8, inst=0x0000006f
Time=1075000: PC=0x000000b8, inst=0x0000006f
Time=1085000: PC=0x000000b8, inst=0x00000013
Time=1095000: PC=0x000000b8, inst=0x0000006f
Time=1105000: PC=0x000000b8, inst=0x0000006f
Time=1115000: PC=0x000000b8, inst=0x00000013
Time=1125000: PC=0x000000b8, inst=0x0000006f
Time=1135000: PC=0x000000b8, inst=0x0000006f
Time=1145000: PC=0x000000b8, inst=0x00000013
Time=1155000: PC=0x000000b8, inst=0x0000006f
Time=1165000: PC=0x000000b8, inst=0x0000006f
Time=1175000: PC=0x000000b8, inst=0x00000013
Time=1185000: PC=0x000000b8, inst=0x0000006f
Time=1195000: PC=0x000000b8, inst=0x0000006f
Time=1205000: PC=0x000000b8, inst=0x00000013
Time=1215000: PC=0x000000b8, inst=0x0000006f
Time=1225000: PC=0x000000b8, inst=0x0000006f
Time=1235000: PC=0x000000b8, inst=0x00000013
Time=1245000: PC=0x000000b8, inst=0x0000006f
Time=1255000: PC=0x000000b8, inst=0x0000006f
Time=1265000: PC=0x000000b8, inst=0x00000013
Time=1275000: PC=0x000000b8, inst=0x0000006f
Time=1285000: PC=0x000000b8, inst=0x0000006f
Time=1295000: PC=0x000000b8, inst=0x00000013
Time=1305000: PC=0x000000b8, inst=0x0000006f
Time=1315000: PC=0x000000b8, inst=0x0000006f
Time=1325000: PC=0x000000b8, inst=0x00000013
Time=1335000: PC=0x000000b8, inst=0x0000006f
Time=1345000: PC=0x000000b8, inst=0x0000006f
Time=1355000: PC=0x000000b8, inst=0x00000013
Time=1365000: PC=0x000000b8, inst=0x0000006f
Time=1375000: PC=0x000000b8, inst=0x0000006f
Time=1385000: PC=0x000000b8, inst=0x00000013
Time=1395000: PC=0x000000b8, inst=0x0000006f
Time=1405000: PC=0x000000b8, inst=0x0000006f
Time=1415000: PC=0x000000b8, inst=0x00000013
Time=1425000: PC=0x000000b8, inst=0x0000006f
Time=1435000: PC=0x000000b8, inst=0x0000006f
Time=1445000: PC=0x000000b8, inst=0x00000013
Time=1455000: PC=0x000000b8, inst=0x0000006f
Time=1465000: PC=0x000000b8, inst=0x0000006f
Time=1475000: PC=0x000000b8, inst=0x00000013
Time=1485000: PC=0x000000b8, inst=0x0000006f
Time=1495000: PC=0x000000b8, inst=0x0000006f
Time=1505000: PC=0x000000b8, inst=0x00000013
Time=1515000: PC=0x000000b8, inst=0x0000006f
Time=1525000: PC=0x000000b8, inst=0x0000006f
Time=1535000: PC=0x000000b8, inst=0x00000013
Time=1545000: PC=0x000000b8, inst=0x0000006f
Time=1555000: PC=0x000000b8, inst=0x0000006f
Time=1565000: PC=0x000000b8, inst=0x00000013
Time=1575000: PC=0x000000b8, inst=0x0000006f
Time=1585000: PC=0x000000b8, inst=0x0000006f
Time=1595000: PC=0x000000b8, inst=0x00000013
Time=1605000: PC=0x000000b8, inst=0x0000006f
Time=1615000: PC=0x000000b8, inst=0x0000006f
Time=1625000: PC=0x000000b8, inst=0x00000013
Time=1635000: PC=0x000000b8, inst=0x0000006f
Time=1645000: PC=0x000000b8, inst=0x0000006f
Time=1655000: PC=0x000000b8, inst=0x00000013
Time=1665000: PC=0x000000b8, inst=0x0000006f
Time=1675000: PC=0x000000b8, inst=0x0000006f
Time=1685000: PC=0x000000b8, inst=0x00000013
Time=1695000: PC=0x000000b8, inst=0x0000006f
Time=1705000: PC=0x000000b8, inst=0x0000006f
Time=1715000: PC=0x000000b8, inst=0x00000013
Time=1725000: PC=0x000000b8, inst=0x0000006f
Time=1735000: PC=0x000000b8, inst=0x0000006f
Time=1745000: PC=0x000000b8, inst=0x00000013
Time=1755000: PC=0x000000b8, inst=0x0000006f
Time=1765000: PC=0x000000b8, inst=0x0000006f
Time=1775000: PC=0x000000b8, inst=0x00000013
Time=1785000: PC=0x000000b8, inst=0x0000006f
Time=1795000: PC=0x000000b8, inst=0x0000006f
Time=1805000: PC=0x000000b8, inst=0x00000013
Time=1815000: PC=0x000000b8, inst=0x0000006f
Time=1825000: PC=0x000000b8, inst=0x0000006f
Time=1835000: PC=0x000000b8, inst=0x00000013
Time=1845000: PC=0x000000b8, inst=0x0000006f
Time=1855000: PC=0x000000b8, inst=0x0000006f
Time=1865000: PC=0x000000b8, inst=0x00000013
Time=1875000: PC=0x000000b8, inst=0x0000006f
Time=1885000: PC=0x000000b8, inst=0x0000006f
Time=1895000: PC=0x000000b8, inst=0x00000013
Time=1905000: PC=0x000000b8, inst=0x0000006f
Time=1915000: PC=0x000000b8, inst=0x0000006f
Time=1925000: PC=0x000000b8, inst=0x00000013
Time=1935000: PC=0x000000b8, inst=0x0000006f
Time=1945000: PC=0x000000b8, inst=0x0000006f
Time=1955000: PC=0x000000b8, inst=0x00000013
Time=1965000: PC=0x000000b8, inst=0x0000006f
Time=1975000: PC=0x000000b8, inst=0x0000006f
Time=1985000: PC=0x000000b8, inst=0x00000013
Time=1995000: PC=0x000000b8, inst=0x0000006f
Time=2005000: PC=0x000000b8, inst=0x0000006f
Time=2015000: PC=0x000000b8, inst=0x00000013
Time=2025000: PC=0x000000b8, inst=0x0000006f
Time=2035000: PC=0x000000b8, inst=0x0000006f
Time=2045000: PC=0x000000b8, inst=0x00000013
Time=2055000: PC=0x000000b8, inst=0x0000006f
Time=2065000: PC=0x000000b8, inst=0x0000006f
Time=2075000: PC=0x000000b8, inst=0x00000013
Time=2085000: PC=0x000000b8, inst=0x0000006f
Time=2095000: PC=0x000000b8, inst=0x0000006f
Time=2105000: PC=0x000000b8, inst=0x00000013
Time=2115000: PC=0x000000b8, inst=0x0000006f
Time=2125000: PC=0x000000b8, inst=0x0000006f
Time=2135000: PC=0x000000b8, inst=0x00000013
Time=2145000: PC=0x000000b8, inst=0x0000006f
Time=2155000: PC=0x000000b8, inst=0x0000006f
Time=2165000: PC=0x000000b8, inst=0x00000013
Time=2175000: PC=0x000000b8, inst=0x0000006f
Time=2185000: PC=0x000000b8, inst=0x0000006f
Time=2195000: PC=0x000000b8, inst=0x00000013
Time=2205000: PC=0x000000b8, inst=0x0000006f
Time=2215000: PC=0x000000b8, inst=0x0000006f
Time=2225000: PC=0x000000b8, inst=0x00000013
Time=2235000: PC=0x000000b8, inst=0x0000006f
Time=2245000: PC=0x000000b8, inst=0x0000006f
Time=2255000: PC=0x000000b8, inst=0x00000013
Time=2265000: PC=0x000000b8, inst=0x0000006f
Time=2275000: PC=0x000000b8, inst=0x0000006f
Time=2285000: PC=0x000000b8, inst=0x00000013
Time=2295000: PC=0x000000b8, inst=0x0000006f
Time=2305000: PC=0x000000b8, inst=0x0000006f
Time=2315000: PC=0x000000b8, inst=0x00000013
Time=2325000: PC=0x000000b8, inst=0x0000006f
Time=2335000: PC=0x000000b8, inst=0x0000006f
Time=2345000: PC=0x000000b8, inst=0x00000013
Time=2355000: PC=0x000000b8, inst=0x0000006f
Time=2365000: PC=0x000000b8, inst=0x0000006f
Time=2375000: PC=0x000000b8, inst=0x00000013
Time=2385000: PC=0x000000b8, inst=0x0000006f
Time=2395000: PC=0x000000b8, inst=0x0000006f
Time=2405000: PC=0x000000b8, inst=0x00000013
Time=2415000: PC=0x000000b8, inst=0x0000006f
Time=2425000: PC=0x000000b8, inst=0x0000006f
Time=2435000: PC=0x000000b8, inst=0x00000013
Time=2445000: PC=0x000000b8, inst=0x0000006f
Time=2455000: PC=0x000000b8, inst=0x0000006f
Time=2465000: PC=0x000000b8, inst=0x00000013
Time=2475000: PC=0x000000b8, inst=0x0000006f
Time=2485000: PC=0x000000b8, inst=0x0000006f
Time=2495000: PC=0x000000b8, inst=0x00000013
Time=2505000: PC=0x000000b8, inst=0x0000006f
Time=2515000: PC=0x000000b8, inst=0x0000006f
Time=2525000: PC=0x000000b8, inst=0x00000013
Time=2535000: PC=0x000000b8, inst=0x0000006f
Time=2545000: PC=0x000000b8, inst=0x0000006f
Time=2555000: PC=0x000000b8, inst=0x00000013
Time=2565000: PC=0x000000b8, inst=0x0000006f
Time=2575000: PC=0x000000b8, inst=0x0000006f
Time=2585000: PC=0x000000b8, inst=0x00000013
Time=2595000: PC=0x000000b8, inst=0x0000006f
Time=2605000: PC=0x000000b8, inst=0x0000006f
Time=2615000: PC=0x000000b8, inst=0x00000013
Time=2625000: PC=0x000000b8, inst=0x0000006f
Time=2635000: PC=0x000000b8, inst=0x0000006f
Time=2645000: PC=0x000000b8, inst=0x00000013
Time=2655000: PC=0x000000b8, inst=0x0000006f
Time=2665000: PC=0x000000b8, inst=0x0000006f
Time=2675000: PC=0x000000b8, inst=0x00000013
Time=2685000: PC=0x000000b8, inst=0x0000006f
Time=2695000: PC=0x000000b8, inst=0x0000006f
Time=2705000: PC=0x000000b8, inst=0x00000013
Time=2715000: PC=0x000000b8, inst=0x0000006f
Time=2725000: PC=0x000000b8, inst=0x0000006f
Time=2735000: PC=0x000000b8, inst=0x00000013
Time=2745000: PC=0x000000b8, inst=0x0000006f
Time=2755000: PC=0x000000b8, inst=0x0000006f
Time=2765000: PC=0x000000b8, inst=0x00000013
Time=2775000: PC=0x000000b8, inst=0x0000006f
Time=2785000: PC=0x000000b8, inst=0x0000006f
Time=2795000: PC=0x000000b8, inst=0x00000013
Time=2805000: PC=0x000000b8, inst=0x0000006f
Time=2815000: PC=0x000000b8, inst=0x0000006f
Time=2825000: PC=0x000000b8, inst=0x00000013
Time=2835000: PC=0x000000b8, inst=0x0000006f
Time=2845000: PC=0x000000b8, inst=0x0000006f
Time=2855000: PC=0x000000b8, inst=0x00000013
Time=2865000: PC=0x000000b8, inst=0x0000006f
Time=2875000: PC=0x000000b8, inst=0x0000006f
Time=2885000: PC=0x000000b8, inst=0x00000013
Time=2895000: PC=0x000000b8, inst=0x0000006f
Time=2905000: PC=0x000000b8, inst=0x0000006f
Time=2915000: PC=0x000000b8, inst=0x00000013
Time=2925000: PC=0x000000b8, inst=0x0000006f
Time=2935000: PC=0x000000b8, inst=0x0000006f
Time=2945000: PC=0x000000b8, inst=0x00000013
Time=2955000: PC=0x000000b8, inst=0x0000006f
Time=2965000: PC=0x000000b8, inst=0x0000006f
Time=2975000: PC=0x000000b8, inst=0x00000013
Time=2985000: PC=0x000000b8, inst=0x0000006f
Time=2995000: PC=0x000000b8, inst=0x0000006f
Time=3005000: PC=0x000000b8, inst=0x00000013
Time=3015000: PC=0x000000b8, inst=0x0000006f
Time=3025000: PC=0x000000b8, inst=0x0000006f
Time=3035000: PC=0x000000b8, inst=0x00000013
Time=3045000: PC=0x000000b8, inst=0x0000006f
Time=3055000: PC=0x000000b8, inst=0x0000006f
Time=3065000: PC=0x000000b8, inst=0x00000013
Time=3075000: PC=0x000000b8, inst=0x0000006f
Time=3085000: PC=0x000000b8, inst=0x0000006f
Time=3095000: PC=0x000000b8, inst=0x00000013
Time=3105000: PC=0x000000b8, inst=0x0000006f
Time=3115000: PC=0x000000b8, inst=0x0000006f
Time=3125000: PC=0x000000b8, inst=0x00000013
Time=3135000: PC=0x000000b8, inst=0x0000006f
Time=3145000: PC=0x000000b8, inst=0x0000006f
Time=3155000: PC=0x000000b8, inst=0x00000013
Time=3165000: PC=0x000000b8, inst=0x0000006f
Time=3175000: PC=0x000000b8, inst=0x0000006f
Time=3185000: PC=0x000000b8, inst=0x00000013
Time=3195000: PC=0x000000b8, inst=0x0000006f
Time=3205000: PC=0x000000b8, inst=0x0000006f
Time=3215000: PC=0x000000b8, inst=0x00000013
Time=3225000: PC=0x000000b8, inst=0x0000006f
Time=3235000: PC=0x000000b8, inst=0x0000006f
Time=3245000: PC=0x000000b8, inst=0x00000013
Time=3255000: PC=0x000000b8, inst=0x0000006f
Time=3265000: PC=0x000000b8, inst=0x0000006f
Time=3275000: PC=0x000000b8, inst=0x00000013
Time=3285000: PC=0x000000b8, inst=0x0000006f
Time=3295000: PC=0x000000b8, inst=0x0000006f
Time=3305000: PC=0x000000b8, inst=0x00000013
Time=3315000: PC=0x000000b8, inst=0x0000006f
Time=3325000: PC=0x000000b8, inst=0x0000006f
Time=3335000: PC=0x000000b8, inst=0x00000013
Time=3345000: PC=0x000000b8, inst=0x0000006f
Time=3355000: PC=0x000000b8, inst=0x0000006f
Time=3365000: PC=0x000000b8, inst=0x00000013
Time=3375000: PC=0x000000b8, inst=0x0000006f
Time=3385000: PC=0x000000b8, inst=0x0000006f
Time=3395000: PC=0x000000b8, inst=0x00000013
Time=3405000: PC=0x000000b8, inst=0x0000006f
Time=3415000: PC=0x000000b8, inst=0x0000006f
Time=3425000: PC=0x000000b8, inst=0x00000013
Time=3435000: PC=0x000000b8, inst=0x0000006f
Time=3445000: PC=0x000000b8, inst=0x0000006f
Time=3455000: PC=0x000000b8, inst=0x00000013
Time=3465000: PC=0x000000b8, inst=0x0000006f
Time=3475000: PC=0x000000b8, inst=0x0000006f
Time=3485000: PC=0x000000b8, inst=0x00000013
Time=3495000: PC=0x000000b8, inst=0x0000006f
Time=3505000: PC=0x000000b8, inst=0x0000006f
Time=3515000: PC=0x000000b8, inst=0x00000013
Time=3525000: PC=0x000000b8, inst=0x0000006f
Time=3535000: PC=0x000000b8, inst=0x0000006f
Time=3545000: PC=0x000000b8, inst=0x00000013
Time=3555000: PC=0x000000b8, inst=0x0000006f
Time=3565000: PC=0x000000b8, inst=0x0000006f
Time=3575000: PC=0x000000b8, inst=0x00000013
Time=3585000: PC=0x000000b8, inst=0x0000006f
Time=3595000: PC=0x000000b8, inst=0x0000006f
Time=3605000: PC=0x000000b8, inst=0x00000013
Time=3615000: PC=0x000000b8, inst=0x0000006f
Time=3625000: PC=0x000000b8, inst=0x0000006f
Time=3635000: PC=0x000000b8, inst=0x00000013
Time=3645000: PC=0x000000b8, inst=0x0000006f
Time=3655000: PC=0x000000b8, inst=0x0000006f
Time=3665000: PC=0x000000b8, inst=0x00000013
Time=3675000: PC=0x000000b8, inst=0x0000006f
Time=3685000: PC=0x000000b8, inst=0x0000006f
Time=3695000: PC=0x000000b8, inst=0x00000013
Time=3705000: PC=0x000000b8, inst=0x0000006f
Time=3715000: PC=0x000000b8, inst=0x0000006f
Time=3725000: PC=0x000000b8, inst=0x00000013
Time=3735000: PC=0x000000b8, inst=0x0000006f
Time=3745000: PC=0x000000b8, inst=0x0000006f
Time=3755000: PC=0x000000b8, inst=0x00000013
Time=3765000: PC=0x000000b8, inst=0x0000006f
Time=3775000: PC=0x000000b8, inst=0x0000006f
Time=3785000: PC=0x000000b8, inst=0x00000013
Time=3795000: PC=0x000000b8, inst=0x0000006f
Time=3805000: PC=0x000000b8, inst=0x0000006f
Time=3815000: PC=0x000000b8, inst=0x00000013
Time=3825000: PC=0x000000b8, inst=0x0000006f
Time=3835000: PC=0x000000b8, inst=0x0000006f
Time=3845000: PC=0x000000b8, inst=0x00000013
Time=3855000: PC=0x000000b8, inst=0x0000006f
Time=3865000: PC=0x000000b8, inst=0x0000006f
Time=3875000: PC=0x000000b8, inst=0x00000013
Time=3885000: PC=0x000000b8, inst=0x0000006f
Time=3895000: PC=0x000000b8, inst=0x0000006f
Time=3905000: PC=0x000000b8, inst=0x00000013
Time=3915000: PC=0x000000b8, inst=0x0000006f
Time=3925000: PC=0x000000b8, inst=0x0000006f
Time=3935000: PC=0x000000b8, inst=0x00000013
Time=3945000: PC=0x000000b8, inst=0x0000006f
Time=3955000: PC=0x000000b8, inst=0x0000006f
Time=3965000: PC=0x000000b8, inst=0x00000013
Time=3975000: PC=0x000000b8, inst=0x0000006f
Time=3985000: PC=0x000000b8, inst=0x0000006f
Time=3995000: PC=0x000000b8, inst=0x00000013
Time=4005000: PC=0x000000b8, inst=0x0000006f
Time=4015000: PC=0x000000b8, inst=0x0000006f
Time=4025000: PC=0x000000b8, inst=0x00000013
Time=4035000: PC=0x000000b8, inst=0x0000006f
Time=4045000: PC=0x000000b8, inst=0x0000006f
Time=4055000: PC=0x000000b8, inst=0x00000013
Time=4065000: PC=0x000000b8, inst=0x0000006f
Time=4075000: PC=0x000000b8, inst=0x0000006f
Time=4085000: PC=0x000000b8, inst=0x00000013
Time=4095000: PC=0x000000b8, inst=0x0000006f
Time=4105000: PC=0x000000b8, inst=0x0000006f
Time=4115000: PC=0x000000b8, inst=0x00000013
Time=4125000: PC=0x000000b8, inst=0x0000006f
Time=4135000: PC=0x000000b8, inst=0x0000006f
Time=4145000: PC=0x000000b8, inst=0x00000013
Time=4155000: PC=0x000000b8, inst=0x0000006f
Time=4165000: PC=0x000000b8, inst=0x0000006f
Time=4175000: PC=0x000000b8, inst=0x00000013
Time=4185000: PC=0x000000b8, inst=0x0000006f
Time=4195000: PC=0x000000b8, inst=0x0000006f
Time=4205000: PC=0x000000b8, inst=0x00000013
Time=4215000: PC=0x000000b8, inst=0x0000006f
Time=4225000: PC=0x000000b8, inst=0x0000006f
Time=4235000: PC=0x000000b8, inst=0x00000013
Time=4245000: PC=0x000000b8, inst=0x0000006f
Time=4255000: PC=0x000000b8, inst=0x0000006f
Time=4265000: PC=0x000000b8, inst=0x00000013
Time=4275000: PC=0x000000b8, inst=0x0000006f
Time=4285000: PC=0x000000b8, inst=0x0000006f
Time=4295000: PC=0x000000b8, inst=0x00000013
Time=4305000: PC=0x000000b8, inst=0x0000006f
Time=4315000: PC=0x000000b8, inst=0x0000006f
Time=4325000: PC=0x000000b8, inst=0x00000013
Time=4335000: PC=0x000000b8, inst=0x0000006f
Time=4345000: PC=0x000000b8, inst=0x0000006f
Time=4355000: PC=0x000000b8, inst=0x00000013
Time=4365000: PC=0x000000b8, inst=0x0000006f
Time=4375000: PC=0x000000b8, inst=0x0000006f
Time=4385000: PC=0x000000b8, inst=0x00000013
Time=4395000: PC=0x000000b8, inst=0x0000006f
Time=4405000: PC=0x000000b8, inst=0x0000006f
Time=4415000: PC=0x000000b8, inst=0x00000013
Time=4425000: PC=0x000000b8, inst=0x0000006f
Time=4435000: PC=0x000000b8, inst=0x0000006f
Time=4445000: PC=0x000000b8, inst=0x00000013
Time=4455000: PC=0x000000b8, inst=0x0000006f
Time=4465000: PC=0x000000b8, inst=0x0000006f
Time=4475000: PC=0x000000b8, inst=0x00000013
Time=4485000: PC=0x000000b8, inst=0x0000006f
Time=4495000: PC=0x000000b8, inst=0x0000006f
Time=4505000: PC=0x000000b8, inst=0x00000013
Time=4515000: PC=0x000000b8, inst=0x0000006f
Time=4525000: PC=0x000000b8, inst=0x0000006f
Time=4535000: PC=0x000000b8, inst=0x00000013
Time=4545000: PC=0x000000b8, inst=0x0000006f
Time=4555000: PC=0x000000b8, inst=0x0000006f
Time=4565000: PC=0x000000b8, inst=0x00000013
Time=4575000: PC=0x000000b8, inst=0x0000006f
Time=4585000: PC=0x000000b8, inst=0x0000006f
Time=4595000: PC=0x000000b8, inst=0x00000013
Time=4605000: PC=0x000000b8, inst=0x0000006f
Time=4615000: PC=0x000000b8, inst=0x0000006f
Time=4625000: PC=0x000000b8, inst=0x00000013
Time=4635000: PC=0x000000b8, inst=0x0000006f
Time=4645000: PC=0x000000b8, inst=0x0000006f
Time=4655000: PC=0x000000b8, inst=0x00000013
Time=4665000: PC=0x000000b8, inst=0x0000006f
Time=4675000: PC=0x000000b8, inst=0x0000006f
Time=4685000: PC=0x000000b8, inst=0x00000013
Time=4695000: PC=0x000000b8, inst=0x0000006f
Time=4705000: PC=0x000000b8, inst=0x0000006f
Time=4715000: PC=0x000000b8, inst=0x00000013
Time=4725000: PC=0x000000b8, inst=0x0000006f
Time=4735000: PC=0x000000b8, inst=0x0000006f
Time=4745000: PC=0x000000b8, inst=0x00000013
Time=4755000: PC=0x000000b8, inst=0x0000006f
Time=4765000: PC=0x000000b8, inst=0x0000006f
Time=4775000: PC=0x000000b8, inst=0x00000013
Time=4785000: PC=0x000000b8, inst=0x0000006f
Time=4795000: PC=0x000000b8, inst=0x0000006f
Time=4805000: PC=0x000000b8, inst=0x00000013
Time=4815000: PC=0x000000b8, inst=0x0000006f
Time=4825000: PC=0x000000b8, inst=0x0000006f
Time=4835000: PC=0x000000b8, inst=0x00000013
Time=4845000: PC=0x000000b8, inst=0x0000006f
Time=4855000: PC=0x000000b8, inst=0x0000006f
Time=4865000: PC=0x000000b8, inst=0x00000013
Time=4875000: PC=0x000000b8, inst=0x0000006f
Time=4885000: PC=0x000000b8, inst=0x0000006f
Time=4895000: PC=0x000000b8, inst=0x00000013
Time=4905000: PC=0x000000b8, inst=0x0000006f
Time=4915000: PC=0x000000b8, inst=0x0000006f
Time=4925000: PC=0x000000b8, inst=0x00000013
Time=4935000: PC=0x000000b8, inst=0x0000006f
Time=4945000: PC=0x000000b8, inst=0x0000006f
Time=4955000: PC=0x000000b8, inst=0x00000013
Time=4965000: PC=0x000000b8, inst=0x0000006f
Time=4975000: PC=0x000000b8, inst=0x0000006f
Time=4985000: PC=0x000000b8, inst=0x00000013
Time=4995000: PC=0x000000b8, inst=0x0000006f
Time=5005000: PC=0x000000b8, inst=0x0000006f
Time=5015000: PC=0x000000b8, inst=0x00000013

========================================
流水线完整指令测试完成
========================================
寄存器最终值:
x1  = 0x0000008c (140) - Expected: PC+4 from jal
x2  = 0x00000014 (20) - Expected: 20
x3  = 0x00000005 (5) - Expected: 5
x4  = 0x0000001e (30) - Expected: 30 (add)
x5  = 0x00000023 (35) - Expected: 35 (add)
x6  = 0x0000000a (10) - Expected: 10 (sub)
x7  = 0x0000001e (30) - Expected: 30 (sub)
x10 = 0x0000000f (15) - Expected: 15 (and)
x11 = 0x000000ff (255) - Expected: 255 (or)
x12 = 0x0000000f (15) - Expected: 15 (ori)
x14 = 0x00000014 (20) - Expected: 20 (sll)
x15 = 0x00000005 (5) - Expected: 5 (srl)
x17 = 0x0000001e (30) - Expected: 30 (lw)
x18 = 0x00000023 (35) - Expected: 35 (lw)
x21 = 0x000000c8 (200) - Expected: 200 (beq)
x24 = 0x0000004d (77) - Expected: 77 (bne)
x26 = 0x000000a8 (168) - Expected: 222 (jal)
x29 = 0x000001bc (444) - Expected: 444 (jalr)
x31 = 0xffffffff (4294967295) - Expected: 0xFFF (完成标志)
========================================

$finish called from file "testbench/cpu_pipeline_full_tb.v", line 285.
$finish at simulation time              5020000
           V C S   S i m u l a t i o n   R e p o r t 
Time: 5020000 ps
CPU Time:      0.560 seconds;       Data structure size:   0.0Mb
Wed Mar  4 12:18:56 2026
