Command: /tmp/cpu_v_build_kid/simv -l vlogs/sim_soc_bus.log +vcs+flush+all
Chronologic VCS simulator copyright 1991-2018
Contains Synopsys proprietary information.
Compiler version O-2018.09-SP2_Full64; Runtime version O-2018.09-SP2_Full64;  Mar  6 18:35 2026
*Verdi* Loading libsscore_vcs201809.so
FSDB Dumper for VCS, Release Verdi_O-2018.09-SP2, Linux x86_64/64bit, 02/21/2019
(C) 1996 - 2019 by Synopsys, Inc.
*Verdi* FSDB WARNING: The FSDB file already exists. Overwriting the FSDB file may crash the programs that are using this file.
*Verdi* : Create FSDB file '/tmp/cpu_v_build_kid/soc_peripheral_bus.fsdb'
*Verdi* : Begin traversing the scope (soc_peripheral_bus_tb), layer (0).
*Verdi* : End of traversing.
*Verdi* : Begin traversing the MDAs under scope (soc_peripheral_bus_tb), layer (0).
*Verdi* : Enable +mda and +packedmda dumping.
*Verdi* : End of traversing the MDAs.

[ROUND 0] Generated program
  regs: ra=x9 rb=x1 add=x5 sub=x4 and=x8 or=x7
  regs: shamt=x10 sll=x3 srl=x6 ori=x2
  vals: a=49 b=1 shamt=1 ori_imm=131 mem=218
[ROUND 0] RESULT: PASS
----------------------------------------

[ROUND 1] Generated program
  regs: ra=x5 rb=x10 add=x6 sub=x1 and=x7 or=x3
  regs: shamt=x4 sll=x9 srl=x2 ori=x8
  vals: a=48 b=11 shamt=3 ori_imm=119 mem=172
[ROUND 1] RESULT: PASS
----------------------------------------

[ROUND 2] Generated program
  regs: ra=x10 rb=x4 add=x3 sub=x9 and=x8 or=x1
  regs: shamt=x5 sll=x2 srl=x7 ori=x6
  vals: a=43 b=23 shamt=2 ori_imm=38 mem=121
[ROUND 2] RESULT: PASS
----------------------------------------

[ROUND 3] Generated program
  regs: ra=x7 rb=x1 add=x2 sub=x6 and=x4 or=x10
  regs: shamt=x9 sll=x3 srl=x8 ori=x5
  vals: a=54 b=18 shamt=2 ori_imm=175 mem=199
[ROUND 3] RESULT: PASS
----------------------------------------

[ROUND 4] Generated program
  regs: ra=x1 rb=x4 add=x5 sub=x6 and=x3 or=x8
  regs: shamt=x2 sll=x7 srl=x9 ori=x10
  vals: a=35 b=20 shamt=3 ori_imm=192 mem=111
[ROUND 4] RESULT: PASS
----------------------------------------

[ROUND 5] Generated program
  regs: ra=x4 rb=x1 add=x5 sub=x7 and=x9 or=x10
  regs: shamt=x3 sll=x6 srl=x8 ori=x2
  vals: a=34 b=12 shamt=1 ori_imm=193 mem=185
[ROUND 5] RESULT: PASS
----------------------------------------

[ROUND 6] Generated program
  regs: ra=x10 rb=x9 add=x2 sub=x4 and=x3 or=x6
  regs: shamt=x7 sll=x1 srl=x5 ori=x8
  vals: a=30 b=21 shamt=2 ori_imm=164 mem=175
[ROUND 6] RESULT: PASS
----------------------------------------

[ROUND 7] Generated program
  regs: ra=x9 rb=x5 add=x6 sub=x10 and=x7 or=x2
  regs: shamt=x8 sll=x1 srl=x4 ori=x3
  vals: a=26 b=12 shamt=1 ori_imm=112 mem=203
[ROUND 7] RESULT: PASS
----------------------------------------

[ROUND 8] Generated program
  regs: ra=x2 rb=x6 add=x9 sub=x3 and=x5 or=x7
  regs: shamt=x1 sll=x4 srl=x10 ori=x8
  vals: a=22 b=14 shamt=2 ori_imm=230 mem=103
[ROUND 8] RESULT: PASS
----------------------------------------

[ROUND 9] Generated program
  regs: ra=x9 rb=x1 add=x3 sub=x8 and=x2 or=x10
  regs: shamt=x4 sll=x5 srl=x7 ori=x6
  vals: a=20 b=7 shamt=2 ori_imm=221 mem=143
[ROUND 9] RESULT: PASS
----------------------------------------

[ROUND 10] Generated program
  regs: ra=x9 rb=x3 add=x4 sub=x5 and=x6 or=x8
  regs: shamt=x1 sll=x2 srl=x10 ori=x7
  vals: a=34 b=20 shamt=4 ori_imm=112 mem=83
[ROUND 10] RESULT: PASS
----------------------------------------

[ROUND 11] Generated program
  regs: ra=x3 rb=x8 add=x9 sub=x10 and=x4 or=x6
  regs: shamt=x2 sll=x1 srl=x5 ori=x7
  vals: a=54 b=12 shamt=1 ori_imm=113 mem=180
[ROUND 11] RESULT: PASS
----------------------------------------

[ROUND 12] Generated program
  regs: ra=x10 rb=x2 add=x1 sub=x8 and=x9 or=x6
  regs: shamt=x4 sll=x3 srl=x7 ori=x5
  vals: a=28 b=20 shamt=2 ori_imm=27 mem=109
[ROUND 12] RESULT: PASS
----------------------------------------

[ROUND 13] Generated program
  regs: ra=x1 rb=x10 add=x3 sub=x6 and=x8 or=x9
  regs: shamt=x5 sll=x2 srl=x4 ori=x7
  vals: a=47 b=24 shamt=4 ori_imm=161 mem=103
[ROUND 13] RESULT: PASS
----------------------------------------

[ROUND 14] Generated program
  regs: ra=x9 rb=x10 add=x3 sub=x2 and=x4 or=x6
  regs: shamt=x8 sll=x5 srl=x1 ori=x7
  vals: a=22 b=14 shamt=1 ori_imm=10 mem=101
[ROUND 14] RESULT: PASS
----------------------------------------

[ROUND 15] Generated program
  regs: ra=x8 rb=x10 add=x4 sub=x6 and=x3 or=x1
  regs: shamt=x5 sll=x9 srl=x7 ori=x2
  vals: a=47 b=19 shamt=4 ori_imm=166 mem=214
[ROUND 15] RESULT: PASS
----------------------------------------

[ROUND 16] Generated program
  regs: ra=x5 rb=x8 add=x7 sub=x3 and=x2 or=x4
  regs: shamt=x10 sll=x6 srl=x9 ori=x1
  vals: a=38 b=15 shamt=4 ori_imm=187 mem=85
[ROUND 16] RESULT: PASS
----------------------------------------

[ROUND 17] Generated program
  regs: ra=x9 rb=x8 add=x1 sub=x6 and=x5 or=x10
  regs: shamt=x7 sll=x4 srl=x2 ori=x3
  vals: a=54 b=2 shamt=3 ori_imm=30 mem=133
[ROUND 17] RESULT: PASS
----------------------------------------

[ROUND 18] Generated program
  regs: ra=x7 rb=x6 add=x5 sub=x1 and=x3 or=x4
  regs: shamt=x8 sll=x9 srl=x10 ori=x2
  vals: a=27 b=16 shamt=1 ori_imm=73 mem=173
[ROUND 18] RESULT: PASS
----------------------------------------

[ROUND 19] Generated program
  regs: ra=x6 rb=x9 add=x2 sub=x4 and=x1 or=x3
  regs: shamt=x10 sll=x8 srl=x5 ori=x7
  vals: a=40 b=21 shamt=1 ori_imm=110 mem=201
[ROUND 19] RESULT: PASS
----------------------------------------

========================================
Randomized ISA + Dirty-WriteBack Stress Summary
========================================
Total rounds : 20
Pass rounds  : 20
Fail rounds  : 0
PASS: randomized stress test passed!
========================================

$finish called from file "testbench/soc_peripheral_bus_tb.v", line 559.
$finish at simulation time            300400000
           V C S   S i m u l a t i o n   R e p o r t 
Time: 300400000 ps
CPU Time:      0.670 seconds;       Data structure size:   0.2Mb
Fri Mar  6 18:35:45 2026
